C:/STM32Cube_FW_H7_V1.11.0/Drivers/STM32H7xx_HAL_Driver/Src/stm32h7xx_hal_swpmi.c:239:19:HAL_SWPMI_Init	24	static
C:/STM32Cube_FW_H7_V1.11.0/Drivers/STM32H7xx_HAL_Driver/Src/stm32h7xx_hal_swpmi.c:333:19:HAL_SWPMI_DeInit	24	static
C:/STM32Cube_FW_H7_V1.11.0/Drivers/STM32H7xx_HAL_Driver/Src/stm32h7xx_hal_swpmi.c:385:13:HAL_SWPMI_MspInit	16	static
C:/STM32Cube_FW_H7_V1.11.0/Drivers/STM32H7xx_HAL_Driver/Src/stm32h7xx_hal_swpmi.c:400:13:HAL_SWPMI_MspDeInit	16	static
C:/STM32Cube_FW_H7_V1.11.0/Drivers/STM32H7xx_HAL_Driver/Src/stm32h7xx_hal_swpmi.c:654:19:HAL_SWPMI_Transmit	48	static
C:/STM32Cube_FW_H7_V1.11.0/Drivers/STM32H7xx_HAL_Driver/Src/stm32h7xx_hal_swpmi.c:766:19:HAL_SWPMI_Receive	48	static
C:/STM32Cube_FW_H7_V1.11.0/Drivers/STM32H7xx_HAL_Driver/Src/stm32h7xx_hal_swpmi.c:871:19:HAL_SWPMI_Transmit_IT	32	static
C:/STM32Cube_FW_H7_V1.11.0/Drivers/STM32H7xx_HAL_Driver/Src/stm32h7xx_hal_swpmi.c:938:19:HAL_SWPMI_Receive_IT	32	static
C:/STM32Cube_FW_H7_V1.11.0/Drivers/STM32H7xx_HAL_Driver/Src/stm32h7xx_hal_swpmi.c:1001:19:HAL_SWPMI_Transmit_DMA	32	static
C:/STM32Cube_FW_H7_V1.11.0/Drivers/STM32H7xx_HAL_Driver/Src/stm32h7xx_hal_swpmi.c:1088:19:HAL_SWPMI_Receive_DMA	32	static
C:/STM32Cube_FW_H7_V1.11.0/Drivers/STM32H7xx_HAL_Driver/Src/stm32h7xx_hal_swpmi.c:1172:19:HAL_SWPMI_DMAStop	24	static
C:/STM32Cube_FW_H7_V1.11.0/Drivers/STM32H7xx_HAL_Driver/Src/stm32h7xx_hal_swpmi.c:1219:19:HAL_SWPMI_EnableLoopback	24	static
C:/STM32Cube_FW_H7_V1.11.0/Drivers/STM32H7xx_HAL_Driver/Src/stm32h7xx_hal_swpmi.c:1247:19:HAL_SWPMI_DisableLoopback	24	static
C:/STM32Cube_FW_H7_V1.11.0/Drivers/STM32H7xx_HAL_Driver/Src/stm32h7xx_hal_swpmi.c:1292:6:HAL_SWPMI_IRQHandler	32	static
C:/STM32Cube_FW_H7_V1.11.0/Drivers/STM32H7xx_HAL_Driver/Src/stm32h7xx_hal_swpmi.c:1464:13:HAL_SWPMI_TxCpltCallback	16	static
C:/STM32Cube_FW_H7_V1.11.0/Drivers/STM32H7xx_HAL_Driver/Src/stm32h7xx_hal_swpmi.c:1479:13:HAL_SWPMI_TxHalfCpltCallback	16	static
C:/STM32Cube_FW_H7_V1.11.0/Drivers/STM32H7xx_HAL_Driver/Src/stm32h7xx_hal_swpmi.c:1494:13:HAL_SWPMI_RxCpltCallback	16	static
C:/STM32Cube_FW_H7_V1.11.0/Drivers/STM32H7xx_HAL_Driver/Src/stm32h7xx_hal_swpmi.c:1509:13:HAL_SWPMI_RxHalfCpltCallback	16	static
C:/STM32Cube_FW_H7_V1.11.0/Drivers/STM32H7xx_HAL_Driver/Src/stm32h7xx_hal_swpmi.c:1524:13:HAL_SWPMI_ErrorCallback	16	static
C:/STM32Cube_FW_H7_V1.11.0/Drivers/STM32H7xx_HAL_Driver/Src/stm32h7xx_hal_swpmi.c:1558:24:HAL_SWPMI_GetState	16	static
C:/STM32Cube_FW_H7_V1.11.0/Drivers/STM32H7xx_HAL_Driver/Src/stm32h7xx_hal_swpmi.c:1570:10:HAL_SWPMI_GetError	16	static
C:/STM32Cube_FW_H7_V1.11.0/Drivers/STM32H7xx_HAL_Driver/Src/stm32h7xx_hal_swpmi.c:1595:13:SWPMI_Transmit_IT	24	static
C:/STM32Cube_FW_H7_V1.11.0/Drivers/STM32H7xx_HAL_Driver/Src/stm32h7xx_hal_swpmi.c:1624:13:SWPMI_EndTransmit_IT	16	static
C:/STM32Cube_FW_H7_V1.11.0/Drivers/STM32H7xx_HAL_Driver/Src/stm32h7xx_hal_swpmi.c:1654:13:SWPMI_Receive_IT	24	static
C:/STM32Cube_FW_H7_V1.11.0/Drivers/STM32H7xx_HAL_Driver/Src/stm32h7xx_hal_swpmi.c:1685:13:SWPMI_EndReceive_IT	16	static
C:/STM32Cube_FW_H7_V1.11.0/Drivers/STM32H7xx_HAL_Driver/Src/stm32h7xx_hal_swpmi.c:1708:13:SWPMI_EndTransmitReceive_IT	16	static
C:/STM32Cube_FW_H7_V1.11.0/Drivers/STM32H7xx_HAL_Driver/Src/stm32h7xx_hal_swpmi.c:1735:13:SWPMI_DMATransmitCplt	24	static
C:/STM32Cube_FW_H7_V1.11.0/Drivers/STM32H7xx_HAL_Driver/Src/stm32h7xx_hal_swpmi.c:1800:13:SWPMI_DMATxHalfCplt	24	static
C:/STM32Cube_FW_H7_V1.11.0/Drivers/STM32H7xx_HAL_Driver/Src/stm32h7xx_hal_swpmi.c:1817:13:SWPMI_DMAReceiveCplt	24	static
C:/STM32Cube_FW_H7_V1.11.0/Drivers/STM32H7xx_HAL_Driver/Src/stm32h7xx_hal_swpmi.c:1852:13:SWPMI_DMARxHalfCplt	24	static
C:/STM32Cube_FW_H7_V1.11.0/Drivers/STM32H7xx_HAL_Driver/Src/stm32h7xx_hal_swpmi.c:1868:13:SWPMI_DMAError	24	static
C:/STM32Cube_FW_H7_V1.11.0/Drivers/STM32H7xx_HAL_Driver/Src/stm32h7xx_hal_swpmi.c:1890:13:SWPMI_DMAAbortOnError	24	static
C:/STM32Cube_FW_H7_V1.11.0/Drivers/STM32H7xx_HAL_Driver/Src/stm32h7xx_hal_swpmi.c:1914:26:SWPMI_WaitOnFlagSetUntilTimeout	32	static
